 0x0 : addi $v0,$0,10       | 2002000a
 0x4 : addi $v1,$0,11       | 2003000b
 0x8 : sw $v0, 0($0)        | ac020000
 0xc : sw $v0, 64($0)       | ac020040
0x10 : sw $v0, 128($0)      | ac020080
0x14 : sw $v0, 192($0)      | ac0200c0
0x18 : sw $v1, 0($0)        | ac030000
0x1c : nop                  | 00000000
0x20 : nop                  | 00000000
0x24 : nop                  | 00000000
0x28 : nop                  | 
